// Jest Snapshot v1, https://goo.gl/fbAQLP

exports[`<ChangePassPage /> Renders ChangePassPage as expected 1`] = `
<div>
  <nav>
    <div
      className="name-centered"
    >
      <h1>
        Change Password
      </h1>
    </div>
    <div
      className="back-nav"
    >
      <a
        href="/menu"
        onClick={[Function]}
      >
        Back
      </a>
    </div>
  </nav>
  <main
    className="content-with-nav"
  >
    <section>
      <form
        onSubmit={[Function]}
      >
        <div
          className="fieldset"
        >
          <label
            htmlFor="password"
          >
            Password
          </label>
          <input
            className="Input "
            id="password"
            onChange={[Function]}
            required={true}
            type="password"
            value=""
          />
        </div>
        <div
          className="fieldset"
        >
          <label
            htmlFor="password_rep"
          >
            Repeat Password
          </label>
          <input
            className="Input "
            id="password_rep"
            onChange={[Function]}
            required={true}
            type="password"
            value=""
          />
        </div>
        <button
          className="green"
          type="submit"
        >
          Change Password
        </button>
      </form>
    </section>
  </main>
</div>
`;
