// Jest Snapshot v1, https://goo.gl/fbAQLP

exports[`<LoginPage /> Renders LoginPage as expected 1`] = `
<main
  role="main"
>
  <section>
    <fieldset
      className="login-input"
    >
      <fieldset>
        <label
          htmlFor="user_code"
        >
          User Code
          <input
            className="Input "
            id="user_code"
            readOnly={true}
            required={true}
            type="number"
            value=""
          />
        </label>
      </fieldset>
    </fieldset>
  </section>
  <section>
    <div
      className="numbers-panel panel"
    >
      <button
        className="gray"
        onClick={[Function]}
      >
        1
      </button>
      <button
        className="gray"
        onClick={[Function]}
      >
        2
      </button>
      <button
        className="gray"
        onClick={[Function]}
      >
        3
      </button>
      <button
        className="gray"
        onClick={[Function]}
      >
        4
      </button>
      <button
        className="gray"
        onClick={[Function]}
      >
        5
      </button>
      <button
        className="gray"
        onClick={[Function]}
      >
        6
      </button>
      <button
        className="gray"
        onClick={[Function]}
      >
        7
      </button>
      <button
        className="gray"
        onClick={[Function]}
      >
        8
      </button>
      <button
        className="gray"
        onClick={[Function]}
      >
        9
      </button>
      <button
        className="gray"
        onClick={[Function]}
      >
        0
      </button>
    </div>
    <div
      className="buttons"
    >
      <button
        className="orange"
        onClick={[Function]}
      >
        Clear
      </button>
      <button
        className="green"
        onClick={[Function]}
      >
        Next
      </button>
    </div>
  </section>
</main>
`;
