// Jest Snapshot v1, https://goo.gl/fbAQLP

exports[`<LoginPage /> Renders LoginPage as expected 1`] = `
<div>
  <nav>
    <div
      className="name-centered"
    >
      <h1>
        Log In
      </h1>
    </div>
  </nav>
  <main
    className="content-with-nav"
  >
    <section
      className="login-panel"
    >
      <h4>
        Insert credentials provided by your employer
      </h4>
      <form
        onSubmit={[Function]}
      >
        <div
          className="fieldset"
        >
          <label
            htmlFor="user_code"
          >
            User Code
          </label>
          <input
            className="Input "
            id="user_code"
            onChange={[Function]}
            required={true}
            type="number"
            value=""
          />
        </div>
        <div
          className="fieldset"
        >
          <label
            htmlFor="password"
          >
            Password
          </label>
          <input
            className="Input "
            id="password"
            onChange={[Function]}
            required={true}
            type="password"
            value=""
          />
        </div>
        <a
          href="/"
          onClick={[Function]}
        >
          Cancel
        </a>
        <button
          className="green"
          type="submit"
        >
          Log In
        </button>
      </form>
      <section>
        <div
          className="title-box"
        >
          Demo access
        </div>
        <div>
          User Code: 202033
        </div>
        <div>
          Password: 202033
        </div>
      </section>
    </section>
  </main>
</div>
`;
