// Jest Snapshot v1, https://goo.gl/fbAQLP

exports[`<MenuPage /> Renders MenuPage as expected 1`] = `
<div>
  <nav>
    <div
      className="name-centered"
    >
      <h1>
        Main Menu
      </h1>
    </div>
  </nav>
  <main
    className="content-with-nav"
  >
    <section>
      <div
        className="main-item"
      >
        <div
          className="menu-item"
        >
          Change Password
          <button
            className="border-gray"
            onClick={[Function]}
          >
            <img
              alt="Icon"
              src="menu_icon.png"
            />
          </button>
        </div>
      </div>
      <div
        className="main-item"
      >
        <div
          className="menu-item"
        >
          Logout
          <button
            className="border-gray"
            onClick={[Function]}
          >
            <img
              alt="Icon"
              src="menu_icon.png"
            />
          </button>
        </div>
      </div>
    </section>
  </main>
</div>
`;
