// Jest Snapshot v1, https://goo.gl/fbAQLP

exports[`<MenuPage /> Renders MenuPage as expected 1`] = `
<main>
  <section>
    <div
      className="main-item"
    >
      <div
        className="menu-item"
      >
        Change Password
        <button
          className="border-gray"
          onClick={[Function]}
        >
          <img
            alt="Icon"
            src="menu_icon.png"
          />
        </button>
      </div>
    </div>
    <div
      className="main-item"
    >
      <div
        className="menu-item"
      >
        Logout
        <button
          className="border-gray"
          onClick={[Function]}
        >
          <img
            alt="Icon"
            src="menu_icon.png"
          />
        </button>
      </div>
    </div>
  </section>
</main>
`;
