// Jest Snapshot v1, https://goo.gl/fbAQLP

exports[`<OrderDetailPage /> Renders OrderDetailPage as expected 1`] = `
<div>
  <nav>
    <div
      className="name-centered"
    >
      <h1>
        Order Detail
      </h1>
    </div>
    <div
      className="back-nav"
    >
      <a
        href="/orders"
        onClick={[Function]}
      >
        Back
      </a>
    </div>
  </nav>
  <main
    className="content-with-nav"
  >
    <section>
      <div
        className="fieldset"
      >
        <label
          htmlFor="client_id"
        >
          Client
        </label>
        <select
          className="Textarea "
          id="client_id"
          onChange={[Function]}
          required={true}
          value=""
        >
          <option
            value=""
          >
            --SELECT ONE OPTION--
          </option>
        </select>
      </div>
      <div
        className="fieldset"
      >
        <label
          htmlFor="observation"
        >
          Observation
        </label>
        <textarea
          className="Textarea "
          id="observation"
          onChange={[Function]}
          value=""
        />
      </div>
      <button
        className="blue"
        onClick={[Function]}
      >
        Create and Save
      </button>
    </section>
    <section>
      You still have no products added
    </section>
    <section>
      <div
        className="item-description"
      >
        <div>
          <span>
            Subtotal:
          </span>
        </div>
        <div>
          0
        </div>
        <div>
          <span>
            Tax:
          </span>
        </div>
        <div>
          0
        </div>
        <div>
          <span>
            Total:
          </span>
        </div>
        <div>
          0
        </div>
      </div>
    </section>
  </main>
</div>
`;
