// Jest Snapshot v1, https://goo.gl/fbAQLP

exports[`<OrderPage /> Renders OrderPage as expected 1`] = `
<div>
  <nav>
    <div
      className="name-centered"
    >
      <h1>
        Order
      </h1>
    </div>
    <div
      className="back-nav"
    >
      <a
        href="/menu"
        onClick={[Function]}
      >
        Back
      </a>
    </div>
  </nav>
  <main
    className="content-with-nav"
  >
    <section>
      <a
        href="/orders/new"
        onClick={[Function]}
      >
        Create New Order
      </a>
    </section>
    <section>
      <div>
        You still have no Orders added
      </div>
    </section>
  </main>
</div>
`;
