// Jest Snapshot v1, https://goo.gl/fbAQLP

exports[`<PromotionPage /> Renders PromotionPage as expected 1`] = `
<div>
  <nav>
    <div
      className="back-nav"
    >
      <a
        href="/menu"
        onClick={[Function]}
      >
        Back
      </a>
    </div>
    <div
      className="name-nav"
    >
      <h2>
        Promotion
        s
      </h2>
    </div>
  </nav>
  <main
    className="content-with-nav"
  >
    <section>
      <button
        className="blue"
        onClick={[Function]}
      >
        Add
      </button>
    </section>
    <section>
      <div>
        You still have no Promotions added
      </div>
    </section>
  </main>
</div>
`;
