// Jest Snapshot v1, https://goo.gl/fbAQLP

exports[`<ReportPage /> Renders ReportPage as expected 1`] = `
<div>
  <nav>
    <div
      className="name-centered"
    >
      <h1>
        Report
      </h1>
    </div>
    <div
      className="back-nav"
    >
      <a
        href="/menu"
        onClick={[Function]}
      >
        Back
      </a>
    </div>
  </nav>
  <main
    className="content-with-nav"
  >
    <section>
      <form
        onSubmit={[Function]}
      >
        <h3>
          Reports
        </h3>
        <div
          className="fieldset"
        >
          <label
            htmlFor="from"
          >
            From
          </label>
          <input
            className="Input "
            id="from"
            onChange={[Function]}
            placeholder="Ex: 01/20/2019"
            required={true}
            type="date"
            value=""
          />
        </div>
        <div
          className="fieldset"
        >
          <label
            htmlFor="to"
          >
            To
          </label>
          <input
            className="Input "
            id="to"
            onChange={[Function]}
            placeholder="Ex: 12/31/2019"
            required={true}
            type="date"
            value=""
          />
        </div>
        <div
          className="fieldset"
        >
          <label
            htmlFor="user_id"
          >
            User
          </label>
          <select
            className="Textarea "
            id="user_id"
            onChange={[Function]}
            required={true}
            value=""
          >
            <option
              value=""
            >
              --SELECT ONE OPTION--
            </option>
          </select>
        </div>
        <button
          className="green"
          type="submit"
        >
          Get Report
        </button>
      </form>
    </section>
    <section>
      <div>
        You have no orders in this report
      </div>
    </section>
  </main>
</div>
`;
